Verdi (R)

Release Verdi_U-2023.03-SP2-5 for (RH Linux x86_64/64bit) -- Mon Apr 15 02:48:56 PDT 2024

Copyright (c) 1999 - 2024 Synopsys, Inc.
This software and the associated documentation are proprietary to Synopsys, Inc. 
This software may only be used in accordance with the terms and conditions of a written license agreement with Synopsys, Inc. 
All other use, reproduction, or distribution of this software is strictly prohibited.


Info: Running in interactive mode.
Info: Running in interactive mode.
Info: Running in interactive mode.
Info: Running in interactive mode.
Info: Running in interactive mode.
Info: Running in interactive mode.
Info: Running in interactive mode.
Info: Running in interactive mode.
Info: Running in interactive mode.
Info: Running in interactive mode.
Info: Running in interactive mode.
Info: Running in interactive mode.
Info: Running in interactive mode.
Info: Running in interactive mode.
Info: Running in interactive mode.
Info: Running in interactive mode.
Info: Running in interactive mode.
Info: Running in interactive mode.
Info: Running in interactive mode.
Info: Running in interactive mode.
Info: Running in interactive mode.
Info: Running in interactive mode.
