version: (200506)

available memory: 64M bytes
used memory: 425984 bytes [need 416K bytes if disable swap]

used block: 17 [memory(17) file(0)]
                 [ 8K(12) 64K(5) { total 416K bytes } ]
overhead: (9538) bytes for (17) blocks [Average: (561) bytes/block]

write  => 0(times) 0K(bytes) [0K bytes to file]
read   => 5(times) 134K(bytes) [20K bytes compressed data from file]
access => 344665(times) 2718M(bytes)
          [hit ratio: 99.9985%]

time: write(0) read(0)  unit: second

swap file directory: (/home/jy5187/Documents/adv_proj/hwpq/verdiLog)
used swap file number: (6)



swap file manager:
arrSize: (256)
idxCnt: (7)
closeHead: (1)
closeTail: (6)
openCnt: (1)
fid(6): fd(0) fileName(NULL)
	mode(rb)	hot(5) cool(0) pos(0)
fid(5): fd(0) fileName(NULL)
	mode(rb)	hot(4) cool(6) pos(0)
fid(4): fd(0) fileName(NULL)
	mode(rb)	hot(3) cool(5) pos(0)
fid(3): fd(0) fileName(NULL)
	mode(rb)	hot(1) cool(4) pos(0)
fid(2): fd(25) fileName(/home/jy5187/Documents/adv_proj/hwpq/verdiLog/_swap_0001#-293595757#1883888)
	size(0) lastModTime(0) curModTime(1782191081)
	mode(w+b)	hot(3) cool(1) pos(0)
fid(1): fd(0) fileName(NULL)
	mode(rb)	hot(2) cool(3) pos(0)
fid(0): fd(0) fileName(NULL)
	mode(NULL)	hot(0) cool(0) pos(0)
Swap system is reset at (Tue Jun 23 01:09:27 2026
)
version: (200506)

available memory: 64M bytes
used memory: 565248 bytes [need 416K bytes if disable swap]

used block: 20 [memory(20) file(0)]
                 [ 8K(13) 64K(7) { total 552K bytes } ]
overhead: (9538) bytes for (20) blocks [Average: (476) bytes/block]

write  => 0(times) 0K(bytes) [0K bytes to file]
read   => 7(times) 157K(bytes) [24K bytes compressed data from file]
access => 393420(times) 3101M(bytes)
          [hit ratio: 99.9982%]

time: write(0) read(0)  unit: second

swap file directory: (/home/jy5187/Documents/adv_proj/hwpq/verdiLog)
used swap file number: (9)



swap file manager:
arrSize: (256)
idxCnt: (10)
closeHead: (7)
closeTail: (9)
openCnt: (1)
fid(9): fd(0) fileName(NULL)
	mode(rb)	hot(7) cool(0) pos(0)
fid(8): fd(45) fileName(/home/jy5187/Documents/adv_proj/hwpq/verdiLog/_swap_0001#-293595757#1883888)
	size(0) lastModTime(0) curModTime(1782191367)
	mode(w+b)	hot(9) cool(7) pos(0)
fid(7): fd(0) fileName(NULL)
	mode(rb)	hot(8) cool(9) pos(0)
fid(6): fd(0) fileName(NULL)
	mode(NULL)	hot(0) cool(0) pos(0)
fid(5): fd(0) fileName(NULL)
	mode(NULL)	hot(0) cool(0) pos(0)
fid(4): fd(0) fileName(NULL)
	mode(NULL)	hot(0) cool(0) pos(0)
fid(3): fd(0) fileName(NULL)
	mode(NULL)	hot(0) cool(0) pos(0)
fid(2): fd(0) fileName(NULL)
	mode(NULL)	hot(0) cool(0) pos(0)
fid(1): fd(0) fileName(NULL)
	mode(NULL)	hot(0) cool(0) pos(0)
fid(0): fd(0) fileName(NULL)
	mode(NULL)	hot(0) cool(0) pos(0)
Swap system is reset at (Tue Jun 23 01:09:43 2026
)
version: (200506)

available memory: 64M bytes
used memory: 917504 bytes [need 416K bytes if disable swap]

used block: 35 [memory(35) file(0)]
                 [ 8K(24) 64K(11) { total 896K bytes } ]
overhead: (9538) bytes for (35) blocks [Average: (272) bytes/block]

write  => 0(times) 0K(bytes) [0K bytes to file]
read   => 11(times) 284K(bytes) [44K bytes compressed data from file]
access => 588443(times) 4646M(bytes)
          [hit ratio: 99.9981%]

time: write(0) read(0)  unit: second

swap file directory: (/home/jy5187/Documents/adv_proj/hwpq/verdiLog)
used swap file number: (14)



swap file manager:
arrSize: (256)
idxCnt: (15)
closeHead: (10)
closeTail: (14)
openCnt: (1)
fid(14): fd(0) fileName(NULL)
	mode(rb)	hot(13) cool(0) pos(0)
fid(13): fd(0) fileName(NULL)
	mode(rb)	hot(12) cool(14) pos(0)
fid(12): fd(0) fileName(NULL)
	mode(rb)	hot(10) cool(13) pos(0)
fid(11): fd(42) fileName(/home/jy5187/Documents/adv_proj/hwpq/verdiLog/_swap_0001#-293595757#1883888)
	size(0) lastModTime(0) curModTime(1782191384)
	mode(w+b)	hot(12) cool(10) pos(0)
fid(10): fd(0) fileName(NULL)
	mode(rb)	hot(11) cool(12) pos(0)
fid(9): fd(0) fileName(NULL)
	mode(NULL)	hot(0) cool(0) pos(0)
fid(8): fd(0) fileName(NULL)
	mode(NULL)	hot(0) cool(0) pos(0)
fid(7): fd(0) fileName(NULL)
	mode(NULL)	hot(0) cool(0) pos(0)
fid(6): fd(0) fileName(NULL)
	mode(NULL)	hot(0) cool(0) pos(0)
fid(5): fd(0) fileName(NULL)
	mode(NULL)	hot(0) cool(0) pos(0)
fid(4): fd(0) fileName(NULL)
	mode(NULL)	hot(0) cool(0) pos(0)
fid(3): fd(0) fileName(NULL)
	mode(NULL)	hot(0) cool(0) pos(0)
fid(2): fd(0) fileName(NULL)
	mode(NULL)	hot(0) cool(0) pos(0)
fid(1): fd(0) fileName(NULL)
	mode(NULL)	hot(0) cool(0) pos(0)
fid(0): fd(0) fileName(NULL)
	mode(NULL)	hot(0) cool(0) pos(0)
Swap system is reset at (Tue Jun 23 01:13:22 2026
)
version: (200506)

available memory: 64M bytes
used memory: 2M bytes [need 496K bytes if disable swap]

used block: 62 [memory(62) file(0)]
                 [ 8K(46) 64K(16) { total 2M bytes } ]
overhead: (9538) bytes for (62) blocks [Average: (153) bytes/block]

write  => 0(times) 0K(bytes) [0K bytes to file]
read   => 16(times) 417K(bytes) [64K bytes compressed data from file]
access => 1739448(times) 13687M(bytes)
          [hit ratio: 99.9991%]

time: write(0) read(0)  unit: second

swap file directory: (/home/jy5187/Documents/adv_proj/hwpq/verdiLog)
used swap file number: (20)



swap file manager:
arrSize: (256)
idxCnt: (21)
closeHead: (15)
closeTail: (20)
openCnt: (6)
fid(20): fd(1073741828) fileName(/home/jy5187/Documents/adv_proj/hwpq/simv.daidir/kdb.elab++/work.lib++/comparator.sv.tdc)
	size(2214) lastModTime(1782191525) curModTime(1782191525)
	mode(rb)	hot(0) cool(19) pos(0)
fid(19): fd(1073741827) fileName(/home/jy5187/Documents/adv_proj/hwpq/simv.daidir/kdb.elab++/work.lib++/pipelined_bram_tree.sv.tdc)
	size(14205) lastModTime(1782191525) curModTime(1782191525)
	mode(rb)	hot(20) cool(18) pos(0)
fid(18): fd(1073741826) fileName(/home/jy5187/Documents/adv_proj/hwpq/simv.daidir/kdb.elab++/work.lib++/hybrid_tree.sv.tdc)
	size(11271) lastModTime(1782191525) curModTime(1782191525)
	mode(rb)	hot(19) cool(17) pos(0)
fid(17): fd(1073741825) fileName(/home/jy5187/Documents/adv_proj/hwpq/simv.daidir/kdb.elab++/work.lib++/rams_tdp_rf_rf.sv.tdc)
	size(1930) lastModTime(1782191525) curModTime(1782191525)
	mode(rb)	hot(18) cool(16) pos(0)
fid(16): fd(40) fileName(/home/jy5187/Documents/adv_proj/hwpq/verdiLog/_swap_0001#-293595757#1883888)
	size(0) lastModTime(0) curModTime(1782191602)
	mode(w+b)	hot(17) cool(15) pos(0)
fid(15): fd(1073741824) fileName(/home/jy5187/Documents/adv_proj/hwpq/simv.daidir/kdb.elab++/work.lib++/hybrid_tree_tb.sv.tdc)
	size(5261) lastModTime(1782191525) curModTime(1782191525)
	mode(rb)	hot(16) cool(0) pos(0)
fid(14): fd(0) fileName(NULL)
	mode(NULL)	hot(0) cool(0) pos(0)
fid(13): fd(0) fileName(NULL)
	mode(NULL)	hot(0) cool(0) pos(0)
fid(12): fd(0) fileName(NULL)
	mode(NULL)	hot(0) cool(0) pos(0)
fid(11): fd(0) fileName(NULL)
	mode(NULL)	hot(0) cool(0) pos(0)
fid(10): fd(0) fileName(NULL)
	mode(NULL)	hot(0) cool(0) pos(0)
fid(9): fd(0) fileName(NULL)
	mode(NULL)	hot(0) cool(0) pos(0)
fid(8): fd(0) fileName(NULL)
	mode(NULL)	hot(0) cool(0) pos(0)
fid(7): fd(0) fileName(NULL)
	mode(NULL)	hot(0) cool(0) pos(0)
fid(6): fd(0) fileName(NULL)
	mode(NULL)	hot(0) cool(0) pos(0)
fid(5): fd(0) fileName(NULL)
	mode(NULL)	hot(0) cool(0) pos(0)
fid(4): fd(0) fileName(NULL)
	mode(NULL)	hot(0) cool(0) pos(0)
fid(3): fd(0) fileName(NULL)
	mode(NULL)	hot(0) cool(0) pos(0)
fid(2): fd(0) fileName(NULL)
	mode(NULL)	hot(0) cool(0) pos(0)
fid(1): fd(0) fileName(NULL)
	mode(NULL)	hot(0) cool(0) pos(0)
fid(0): fd(0) fileName(NULL)
	mode(NULL)	hot(0) cool(0) pos(0)
==================================================
mySelf(0x1c444f20) pre(0x1a845890) next((nil))
version(200506)
date(Mar 25 2024 02:42:45)
