
=== Testing with ENQ_ENA enabled ===

Initializing enqueue enabled module by enqueue into it

Test Case 1: Dequeue Test (ENQ_ENA enabled)

Test Case 2: Enqueue Test (ENQ_ENA enabled)

Test Case 3: Replace Test (ENQ_ENA enabled)

Test Case 4: Stress Test (ENQ_ENA enabled)
Enqueue: Queue full, skipping enqueue
Enqueue: Queue full, skipping enqueue
Enqueue: Queue full, skipping enqueue
Enqueue: Queue full, skipping enqueue
Enqueue: Queue full, skipping enqueue
Enqueue: Queue full, skipping enqueue

=== Testing with ENQ_ENA disabled ===

Initializing enqueue disabled module by directly tap into it

Test Case 5: Dequeue Test (ENQ_ENA disabled)

Test Case 6: Enqueue Test (ENQ_ENA disabled)

Test Case 7: Replace Test (ENQ_ENA disabled)

Test Case 8: Stress Test (ENQ_ENA disabled)

Test completed!
hwpq/register_array/rtl/sim/register_array_tb.sv:319: $finish called at 21415 (1s)
